F:\Casbin_game\jcasbin\src\main\java\org\casbin\jcasbin\rbac\Role.java
F:\Casbin_game\jcasbin\src\main\java\org\casbin\jcasbin\util\function\KeyMatch2Func.java
F:\Casbin_game\jcasbin\src\test\java\org\casbin\jcasbin\main\ModelTest.java
F:\Casbin_game\jcasbin\src\main\java\org\casbin\jcasbin\util\function\CustomFunction.java
F:\Casbin_game\jcasbin\src\test\java\org\casbin\jcasbin\main\benchmark\enforcer\BenchmarkKeyMatchModel.java
F:\Casbin_game\jcasbin\src\test\java\org\casbin\jcasbin\main\benchmark\BenchmarkRunner.java
F:\Casbin_game\jcasbin\src\main\java\org\casbin\jcasbin\model\FunctionMap.java
F:\Casbin_game\jcasbin\src\main\java\org\casbin\jcasbin\util\EnforceContext.java
F:\Casbin_game\jcasbin\src\main\java\org\casbin\jcasbin\effect\Effector.java
F:\Casbin_game\jcasbin\src\test\java\org\casbin\jcasbin\main\benchmark\enforcer\BenchmarkRBACModelWithDeny.java
F:\Casbin_game\jcasbin\src\main\java\org\casbin\jcasbin\log\DefaultLogger.java
F:\Casbin_game\jcasbin\src\test\java\org\casbin\jcasbin\main\benchmark\cached\BenchmarkCachedRBACModelSmall.java
F:\Casbin_game\jcasbin\src\test\java\org\casbin\jcasbin\main\ModelUnitTest.java
F:\Casbin_game\jcasbin\src\main\java\org\casbin\jcasbin\persist\file_adapter\FileAdapter.java
F:\Casbin_game\jcasbin\src\main\java\org\casbin\jcasbin\persist\FilteredAdapter.java
F:\Casbin_game\jcasbin\src\main\java\org\casbin\jcasbin\util\LRUCache.java
F:\Casbin_game\jcasbin\src\test\java\org\casbin\jcasbin\main\RbacAPIWithPatternMatchUnitTest.java
F:\Casbin_game\jcasbin\src\test\java\org\casbin\jcasbin\main\SyncedRbacAPIUnitTest.java
F:\Casbin_game\jcasbin\src\test\java\org\casbin\jcasbin\main\benchmark\cached\BenchmarkCachedRBACModelMedium.java
F:\Casbin_game\jcasbin\src\test\java\org\casbin\jcasbin\main\ConfigTest.java
F:\Casbin_game\jcasbin\src\test\java\org\casbin\jcasbin\main\benchmark\cached\BenchmarkCachedABACModel.java
F:\Casbin_game\jcasbin\src\main\java\org\casbin\jcasbin\persist\Watcher.java
F:\Casbin_game\jcasbin\src\main\java\org\casbin\jcasbin\util\function\RegexMatchFunc.java
F:\Casbin_game\jcasbin\src\test\java\org\casbin\jcasbin\main\benchmark\cached\BenchmarkCachedRBACModelWithDomains.java
F:\Casbin_game\jcasbin\src\main\java\org\casbin\jcasbin\effect\DefaultStreamEffectorResult.java
F:\Casbin_game\jcasbin\src\main\java\org\casbin\jcasbin\rbac\LinkConditionFuncKey.java
F:\Casbin_game\jcasbin\src\main\java\org\casbin\jcasbin\main\Frontend.java
F:\Casbin_game\jcasbin\src\main\java\org\casbin\jcasbin\main\SyncedEnforcer.java
F:\Casbin_game\jcasbin\src\main\java\org\casbin\jcasbin\main\DistributedEnforcer.java
F:\Casbin_game\jcasbin\src\test\java\org\casbin\jcasbin\main\FrontendUnitTest.java
F:\Casbin_game\jcasbin\src\main\java\org\casbin\jcasbin\main\CoreEnforcer.java
F:\Casbin_game\jcasbin\src\test\java\org\casbin\jcasbin\main\SyncedCachedEnforcerUnitTest.java
F:\Casbin_game\jcasbin\src\main\java\org\casbin\jcasbin\util\function\GlobMatchFunc.java
F:\Casbin_game\jcasbin\src\main\java\org\casbin\jcasbin\exception\CasbinEffectorException.java
F:\Casbin_game\jcasbin\src\test\java\org\casbin\jcasbin\main\InternalEnforcerWithDispatcherTest.java
F:\Casbin_game\jcasbin\src\main\java\org\casbin\jcasbin\persist\cache\DefaultCache.java
F:\Casbin_game\jcasbin\src\test\java\org\casbin\jcasbin\main\ManagementAPIUnitTest.java
F:\Casbin_game\jcasbin\src\test\java\org\casbin\jcasbin\main\benchmark\enforcer\BenchmarkRBACModel.java
F:\Casbin_game\jcasbin\src\main\java\org\casbin\jcasbin\persist\Dispatcher.java
F:\Casbin_game\jcasbin\src\main\java\org\casbin\jcasbin\util\function\EvalFunc.java
F:\Casbin_game\jcasbin\src\test\java\org\casbin\jcasbin\main\WatcherTest.java
F:\Casbin_game\jcasbin\src\main\java\org\casbin\jcasbin\util\SyncedLRUCache.java
F:\Casbin_game\jcasbin\src\test\java\org\casbin\jcasbin\main\FunctionTest.java
F:\Casbin_game\jcasbin\src\main\java\org\casbin\jcasbin\util\function\KeyMatch4Func.java
F:\Casbin_game\jcasbin\src\main\java\org\casbin\jcasbin\log\Logger.java
F:\Casbin_game\jcasbin\src\main\java\org\casbin\jcasbin\model\Assertion.java
F:\Casbin_game\jcasbin\src\main\java\org\casbin\jcasbin\rbac\GroupRoleManager.java
F:\Casbin_game\jcasbin\src\test\java\org\casbin\jcasbin\main\AbacAPIUnitTest.java
F:\Casbin_game\jcasbin\src\main\java\org\casbin\jcasbin\effect\DefaultStreamEffector.java
F:\Casbin_game\jcasbin\src\test\java\org\casbin\jcasbin\main\benchmark\cached\BenchmarkCachedRBACModelLarge.java
F:\Casbin_game\jcasbin\src\test\java\org\casbin\jcasbin\main\SyncedManagementAPIUnitTest.java
F:\Casbin_game\jcasbin\src\main\java\org\casbin\jcasbin\persist\UpdatableAdapter.java
F:\Casbin_game\jcasbin\src\test\java\org\casbin\jcasbin\main\BuiltInFunctionsUnitTest.java
F:\Casbin_game\jcasbin\src\test\java\org\casbin\jcasbin\main\RoleManagerUnitTest.java
F:\Casbin_game\jcasbin\src\main\java\org\casbin\jcasbin\util\function\KeyGet2Func.java
F:\Casbin_game\jcasbin\src\test\java\org\casbin\jcasbin\main\RbacAPIUnitTest.java
F:\Casbin_game\jcasbin\src\main\java\org\casbin\jcasbin\rbac\ConditionalRoleManager.java
F:\Casbin_game\jcasbin\src\test\java\org\casbin\jcasbin\main\CachedEnforcerUnitTest.java
F:\Casbin_game\jcasbin\src\main\java\org\casbin\jcasbin\util\BuiltInFunctions.java
F:\Casbin_game\jcasbin\src\main\java\org\casbin\jcasbin\util\function\IPMatchFunc.java
F:\Casbin_game\jcasbin\src\test\java\org\casbin\jcasbin\main\FilteredAdapterTest.java
F:\Casbin_game\jcasbin\src\main\java\org\casbin\jcasbin\detector\DefaultDetector.java
F:\Casbin_game\jcasbin\src\main\java\org\casbin\jcasbin\log\mocks\MockLogger.java
F:\Casbin_game\jcasbin\src\test\java\org\casbin\jcasbin\main\LogUtilTest.java
F:\Casbin_game\jcasbin\src\main\java\org\casbin\jcasbin\effect\Effect.java
F:\Casbin_game\jcasbin\src\main\java\org\casbin\jcasbin\effect\StreamEffector.java
F:\Casbin_game\jcasbin\src\main\java\org\casbin\jcasbin\exception\CasbinPolicyFileNotFoundException.java
F:\Casbin_game\jcasbin\src\main\java\org\casbin\jcasbin\effect\DefaultEffector.java
F:\Casbin_game\jcasbin\src\main\java\org\casbin\jcasbin\util\Glob.java
F:\Casbin_game\jcasbin\src\main\java\org\casbin\jcasbin\util\function\KeyMatch5Func.java
F:\Casbin_game\jcasbin\src\main\java\org\casbin\jcasbin\model\Policy.java
F:\Casbin_game\jcasbin\src\test\java\org\casbin\jcasbin\main\benchmark\BenchmarkEnforce.java
F:\Casbin_game\jcasbin\src\test\java\org\casbin\jcasbin\main\benchmark\BenchmarkMemory.java
F:\Casbin_game\jcasbin\src\test\java\org\casbin\jcasbin\main\UtilTest.java
F:\Casbin_game\jcasbin\src\main\java\org\casbin\jcasbin\main\ManagementEnforcer.java
F:\Casbin_game\jcasbin\src\main\java\org\casbin\jcasbin\effect\StreamEffectorResult.java
F:\Casbin_game\jcasbin\src\test\java\org\casbin\jcasbin\main\DefaultDetectorTest.java
F:\Casbin_game\jcasbin\src\main\java\org\casbin\jcasbin\main\InternalEnforcer.java
F:\Casbin_game\jcasbin\src\main\java\org\casbin\jcasbin\exception\CasbinAdapterException.java
F:\Casbin_game\jcasbin\src\test\java\org\casbin\jcasbin\main\benchmark\enforcer\BenchmarkRBACModelMixed.java
F:\Casbin_game\jcasbin\src\main\java\org\casbin\jcasbin\rbac\RoleManager.java
F:\Casbin_game\jcasbin\src\main\java\org\casbin\jcasbin\util\function\KeyMatchFunc.java
F:\Casbin_game\jcasbin\src\main\java\org\casbin\jcasbin\persist\cache\CacheableParam.java
F:\Casbin_game\jcasbin\src\test\java\org\casbin\jcasbin\main\TestUtil.java
F:\Casbin_game\jcasbin\src\main\java\org\casbin\jcasbin\model\Model.java
F:\Casbin_game\jcasbin\src\main\java\org\casbin\jcasbin\rbac\DefaultRoleManager.java
F:\Casbin_game\jcasbin\src\main\java\org\casbin\jcasbin\detector\Detector.java
F:\Casbin_game\jcasbin\src\test\java\org\casbin\jcasbin\main\benchmark\cached\BenchmarkCachedPriorityModel.java
F:\Casbin_game\jcasbin\src\main\java\org\casbin\jcasbin\persist\file_adapter\FilteredAdapter.java
F:\Casbin_game\jcasbin\src\test\java\org\casbin\jcasbin\main\EnforcerUnitTest.java
F:\Casbin_game\jcasbin\src\main\java\org\casbin\jcasbin\persist\Adapter.java
F:\Casbin_game\jcasbin\src\test\java\org\casbin\jcasbin\main\SyncedRbacAPIWithDomainsUnitTest.java
F:\Casbin_game\jcasbin\src\main\java\org\casbin\jcasbin\log\LogUtil.java
F:\Casbin_game\jcasbin\src\test\java\org\casbin\jcasbin\main\benchmark\cached\BenchmarkCachedKeyMatchModel.java
F:\Casbin_game\jcasbin\src\test\java\org\casbin\jcasbin\main\benchmark\cached\BenchmarkCachedRBACModelWithDeny.java
F:\Casbin_game\jcasbin\src\test\java\org\casbin\jcasbin\main\benchmark\enforcer\BenchmarkAllModelApi.java
F:\Casbin_game\jcasbin\src\main\java\org\casbin\jcasbin\exception\CasbinConfigException.java
F:\Casbin_game\jcasbin\src\main\java\org\casbin\jcasbin\persist\Helper.java
F:\Casbin_game\jcasbin\src\main\java\org\casbin\jcasbin\main\EnforceResult.java
F:\Casbin_game\jcasbin\src\main\java\org\casbin\jcasbin\persist\WatcherEx.java
F:\Casbin_game\jcasbin\src\main\java\org\casbin\jcasbin\persist\BatchAdapter.java
F:\Casbin_game\jcasbin\src\main\java\org\casbin\jcasbin\persist\cache\Cache.java
F:\Casbin_game\jcasbin\src\test\java\org\casbin\jcasbin\main\RbacAPIWithDomainsUnitTest.java
F:\Casbin_game\jcasbin\src\main\java\org\casbin\jcasbin\main\Enforcer.java
F:\Casbin_game\jcasbin\src\test\java\org\casbin\jcasbin\main\benchmark\BenchmarkManagement.java
F:\Casbin_game\jcasbin\src\test\java\org\casbin\jcasbin\main\benchmark\cached\BenchmarkCachedRaw.java
F:\Casbin_game\jcasbin\src\test\java\org\casbin\jcasbin\main\benchmark\cached\BenchmarkCachedBasicModel.java
F:\Casbin_game\jcasbin\src\main\java\org\casbin\jcasbin\exception\CasbinCacheException.java
F:\Casbin_game\jcasbin\src\main\java\org\casbin\jcasbin\util\Util.java
F:\Casbin_game\jcasbin\src\test\java\org\casbin\jcasbin\main\benchmark\memory\BenchmarkMemory.java
F:\Casbin_game\jcasbin\src\main\java\org\casbin\jcasbin\main\CachedEnforcer.java
F:\Casbin_game\jcasbin\src\main\java\org\casbin\jcasbin\config\Config.java
F:\Casbin_game\jcasbin\src\main\java\org\casbin\jcasbin\exception\CasbinNameNotExistException.java
F:\Casbin_game\jcasbin\src\main\java\org\casbin\jcasbin\util\function\KeyGetFunc.java
F:\Casbin_game\jcasbin\src\main\java\org\casbin\jcasbin\persist\WatcherUpdatable.java
F:\Casbin_game\jcasbin\src\test\java\org\casbin\jcasbin\main\benchmark\enforcer\BenchmarkDenyOverrideModel.java
F:\Casbin_game\jcasbin\src\test\java\org\casbin\jcasbin\main\SyncedDistributedAPIUnitTest.java
F:\Casbin_game\jcasbin\src\main\java\org\casbin\jcasbin\persist\cache\CacheItem.java
F:\Casbin_game\jcasbin\src\main\java\org\casbin\jcasbin\rbac\DomainManager.java
F:\Casbin_game\jcasbin\src\main\java\org\casbin\jcasbin\persist\file_adapter\AdapterMock.java
F:\Casbin_game\jcasbin\src\test\java\org\casbin\jcasbin\main\benchmark\cached\BenchmarkCachedRBACModel.java
F:\Casbin_game\jcasbin\src\test\java\org\casbin\jcasbin\main\GroupRoleManagerTest.java
F:\Casbin_game\jcasbin\src\test\java\org\casbin\jcasbin\main\SyncedEnforcerUnitTest.java
F:\Casbin_game\jcasbin\src\main\java\org\casbin\jcasbin\exception\CasbinMatcherException.java
F:\Casbin_game\jcasbin\src\main\java\org\casbin\jcasbin\main\SyncedCachedEnforcer.java
F:\Casbin_game\jcasbin\src\test\java\org\casbin\jcasbin\main\benchmark\cached\BenchmarkCachedRBACModelWithResourceRoles.java
F:\Casbin_game\jcasbin\src\main\java\org\casbin\jcasbin\util\function\KeyMatch3Func.java
