org\casbin\jcasbin\main\benchmark\enforcer\jmh_generated\BenchmarkRBACModelMixed_BenchmarkState_jmhType_B1.class
org\casbin\jcasbin\main\LogUtilTest.class
org\casbin\jcasbin\main\benchmark\enforcer\jmh_generated\BenchmarkAllModelApi_RemoveStateLarge_jmhType_B3.class
org\casbin\jcasbin\main\benchmark\cached\BenchmarkCachedRBACModelWithDeny$BenchmarkState.class
org\casbin\jcasbin\main\benchmark\cached\BenchmarkCachedRBACModelSmall$BenchmarkState.class
org\casbin\jcasbin\main\benchmark\cached\jmh_generated\BenchmarkCachedRBACModelWithDeny_BenchmarkState_jmhType.class
org\casbin\jcasbin\main\benchmark\jmh_generated\BenchmarkMemory_jmhType_B1.class
org\casbin\jcasbin\main\benchmark\cached\jmh_generated\BenchmarkCachedRBACModelMedium_jmhType_B1.class
org\casbin\jcasbin\main\benchmark\enforcer\jmh_generated\BenchmarkRBACModel_BenchmarkState_jmhType_B2.class
org\casbin\jcasbin\main\benchmark\cached\jmh_generated\BenchmarkCachedRaw_jmhType.class
org\casbin\jcasbin\main\benchmark\cached\jmh_generated\BenchmarkCachedKeyMatchModel_jmhType_B2.class
org\casbin\jcasbin\main\benchmark\cached\jmh_generated\BenchmarkCachedKeyMatchModel_benchmarkCachedKeyMatchModel_jmhTest.class
org\casbin\jcasbin\main\benchmark\cached\BenchmarkCachedRBACModelLarge$BenchmarkState.class
org\casbin\jcasbin\main\benchmark\enforcer\jmh_generated\BenchmarkAllModelApi_addPolicyLarge_jmhTest.class
org\casbin\jcasbin\main\benchmark\enforcer\jmh_generated\BenchmarkAllModelApi_AddState_jmhType_B3.class
org\casbin\jcasbin\main\benchmark\enforcer\jmh_generated\BenchmarkDenyOverrideModel_jmhType_B1.class
org\casbin\jcasbin\main\benchmark\cached\BenchmarkCachedRBACModelMedium$BenchmarkState.class
org\casbin\jcasbin\main\benchmark\enforcer\jmh_generated\BenchmarkRBACModelMixed_jmhType_B1.class
org\casbin\jcasbin\main\benchmark\cached\jmh_generated\BenchmarkCachedABACModel_benchmarkCachedABACModel_jmhTest.class
org\casbin\jcasbin\main\benchmark\enforcer\jmh_generated\BenchmarkAllModelApi_jmhType_B2.class
org\casbin\jcasbin\main\benchmark\BenchmarkMemory.class
org\casbin\jcasbin\main\benchmark\enforcer\BenchmarkAllModelApi$RemoveStateLarge.class
org\casbin\jcasbin\main\benchmark\enforcer\jmh_generated\BenchmarkKeyMatchModel_jmhType.class
org\casbin\jcasbin\main\benchmark\cached\jmh_generated\BenchmarkCachedPriorityModel_jmhType_B3.class
org\casbin\jcasbin\main\benchmark\cached\BenchmarkCachedRBACModelWithDomains.class
org\casbin\jcasbin\main\benchmark\enforcer\jmh_generated\BenchmarkRBACModelMixed_benchmarkRBACModelMixed_jmhTest.class
org\casbin\jcasbin\main\benchmark\enforcer\jmh_generated\BenchmarkRBACModelWithDeny_jmhType_B2.class
org\casbin\jcasbin\main\RbacAPIWithPatternMatchUnitTest.class
org\casbin\jcasbin\main\benchmark\cached\jmh_generated\BenchmarkCachedRBACModel_BenchmarkState_jmhType_B2.class
org\casbin\jcasbin\main\benchmark\cached\jmh_generated\BenchmarkCachedABACModel_BenchmarkState_jmhType.class
org\casbin\jcasbin\main\ModelUnitTest$customFunctionWrapper.class
org\casbin\jcasbin\main\benchmark\cached\jmh_generated\BenchmarkCachedRBACModelWithDomains_jmhType_B3.class
org\casbin\jcasbin\main\benchmark\cached\jmh_generated\BenchmarkCachedRBACModelLarge_jmhType.class
org\casbin\jcasbin\main\benchmark\cached\jmh_generated\BenchmarkCachedRBACModel_jmhType.class
org\casbin\jcasbin\main\benchmark\jmh_generated\BenchmarkEnforce_jmhType_B2.class
org\casbin\jcasbin\main\benchmark\memory\jmh_generated\BenchmarkMemory_benchmarkABACLargeComplex_jmhTest.class
org\casbin\jcasbin\main\benchmark\cached\jmh_generated\BenchmarkCachedABACModel_jmhType.class
org\casbin\jcasbin\main\benchmark\enforcer\jmh_generated\BenchmarkRBACModel_jmhType_B1.class
org\casbin\jcasbin\main\benchmark\memory\BenchmarkMemory$ScenarioSampleStats.class
org\casbin\jcasbin\main\benchmark\jmh_generated\BenchmarkEnforce_RequestIndex_jmhType_B1.class
org\casbin\jcasbin\main\benchmark\cached\BenchmarkCachedRBACModelWithDeny.class
org\casbin\jcasbin\main\benchmark\cached\jmh_generated\BenchmarkCachedRBACModelWithResourceRoles_jmhType_B2.class
org\casbin\jcasbin\main\benchmark\cached\jmh_generated\BenchmarkCachedRBACModelMedium_BenchmarkState_jmhType.class
org\casbin\jcasbin\main\benchmark\enforcer\jmh_generated\BenchmarkRBACModelWithDeny_BenchmarkState_jmhType_B1.class
org\casbin\jcasbin\main\WatcherTest$SampleWatcher.class
org\casbin\jcasbin\main\benchmark\cached\jmh_generated\BenchmarkCachedRBACModel_BenchmarkState_jmhType.class
org\casbin\jcasbin\main\benchmark\memory\jmh_generated\BenchmarkMemory_benchmarkRBACWithResourceRoles_jmhTest.class
org\casbin\jcasbin\main\benchmark\cached\jmh_generated\BenchmarkCachedRBACModelMedium_BenchmarkState_jmhType_B2.class
org\casbin\jcasbin\main\benchmark\cached\jmh_generated\BenchmarkCachedBasicModel_jmhType_B2.class
org\casbin\jcasbin\main\benchmark\enforcer\jmh_generated\BenchmarkKeyMatchModel_jmhType_B3.class
org\casbin\jcasbin\main\benchmark\jmh_generated\BenchmarkManagement_ThreadState_jmhType_B1.class
org\casbin\jcasbin\main\benchmark\enforcer\BenchmarkRBACModelMixed.class
org\casbin\jcasbin\main\benchmark\cached\jmh_generated\BenchmarkCachedRBACModelWithResourceRoles_BenchmarkState_jmhType_B2.class
org\casbin\jcasbin\main\EnforcerUnitTest.class
org\casbin\jcasbin\main\benchmark\cached\jmh_generated\BenchmarkCachedRBACModelWithResourceRoles_BenchmarkState_jmhType.class
org\casbin\jcasbin\main\benchmark\cached\BenchmarkCachedRBACModelMedium.class
org\casbin\jcasbin\main\benchmark\enforcer\jmh_generated\BenchmarkAllModelApi_updatePolicySmall_jmhTest.class
org\casbin\jcasbin\main\benchmark\enforcer\jmh_generated\BenchmarkAllModelApi_removePolicyLarge_jmhTest.class
org\casbin\jcasbin\main\benchmark\cached\jmh_generated\BenchmarkCachedRBACModelWithDomains_BenchmarkState_jmhType_B1.class
org\casbin\jcasbin\main\benchmark\cached\jmh_generated\BenchmarkCachedBasicModel_jmhType_B1.class
org\casbin\jcasbin\main\AbacAPIUnitTest$TestEvalRule.class
org\casbin\jcasbin\main\benchmark\enforcer\jmh_generated\BenchmarkRBACModelWithDeny_jmhType_B1.class
org\casbin\jcasbin\main\benchmark\cached\jmh_generated\BenchmarkCachedRBACModelWithResourceRoles_BenchmarkState_jmhType_B1.class
org\casbin\jcasbin\main\benchmark\enforcer\jmh_generated\BenchmarkAllModelApi_RemoveStateSmall_jmhType_B3.class
org\casbin\jcasbin\main\benchmark\enforcer\jmh_generated\BenchmarkKeyMatchModel_jmhType_B2.class
org\casbin\jcasbin\main\benchmark\cached\jmh_generated\BenchmarkCachedRBACModelWithResourceRoles_jmhType_B3.class
org\casbin\jcasbin\main\benchmark\jmh_generated\BenchmarkEnforce_RequestIndex_jmhType.class
org\casbin\jcasbin\main\benchmark\enforcer\jmh_generated\BenchmarkDenyOverrideModel_BenchmarkState_jmhType_B3.class
org\casbin\jcasbin\main\benchmark\cached\jmh_generated\BenchmarkCachedRBACModelSmall_benchmarkCachedRBACModelSmall_jmhTest.class
org\casbin\jcasbin\main\benchmark\jmh_generated\BenchmarkManagement_jmhType_B2.class
org\casbin\jcasbin\main\benchmark\enforcer\jmh_generated\BenchmarkAllModelApi_RemoveStateLarge_jmhType_B2.class
org\casbin\jcasbin\main\benchmark\enforcer\jmh_generated\BenchmarkRBACModel_BenchmarkState_jmhType_B1.class
org\casbin\jcasbin\main\SyncedCachedEnforcerUnitTest.class
org\casbin\jcasbin\main\benchmark\cached\BenchmarkCachedRBACModelLarge.class
org\casbin\jcasbin\main\SyncedDistributedAPIUnitTest.class
org\casbin\jcasbin\main\benchmark\enforcer\BenchmarkDenyOverrideModel$BenchmarkState.class
org\casbin\jcasbin\main\benchmark\cached\jmh_generated\BenchmarkCachedRBACModelLarge_jmhType_B3.class
org\casbin\jcasbin\main\benchmark\cached\jmh_generated\BenchmarkCachedRBACModelMedium_BenchmarkState_jmhType_B3.class
org\casbin\jcasbin\main\benchmark\cached\jmh_generated\BenchmarkCachedRBACModelWithDeny_BenchmarkState_jmhType_B3.class
org\casbin\jcasbin\main\benchmark\enforcer\jmh_generated\BenchmarkDenyOverrideModel_jmhType.class
org\casbin\jcasbin\main\benchmark\memory\jmh_generated\BenchmarkMemory_benchmarkRBACWithDomains_jmhTest.class
org\casbin\jcasbin\main\ModelUnitTest.class
org\casbin\jcasbin\main\benchmark\jmh_generated\BenchmarkMemory_jmhType_B2.class
org\casbin\jcasbin\main\benchmark\cached\jmh_generated\BenchmarkCachedKeyMatchModel_jmhType_B1.class
org\casbin\jcasbin\main\benchmark\enforcer\jmh_generated\BenchmarkAllModelApi_RemoveStateLarge_jmhType.class
org\casbin\jcasbin\main\benchmark\jmh_generated\BenchmarkManagement_jmhType_B1.class
org\casbin\jcasbin\main\CachedEnforcerUnitTest.class
org\casbin\jcasbin\main\benchmark\cached\jmh_generated\BenchmarkCachedRBACModelWithDomains_benchmarkCachedRBACModelWithDomains_jmhTest.class
org\casbin\jcasbin\main\benchmark\enforcer\jmh_generated\BenchmarkAllModelApi_jmhType_B1.class
org\casbin\jcasbin\main\benchmark\cached\jmh_generated\BenchmarkCachedRBACModelSmall_jmhType_B3.class
org\casbin\jcasbin\main\benchmark\cached\jmh_generated\BenchmarkCachedRBACModelLarge_BenchmarkState_jmhType.class
org\casbin\jcasbin\main\benchmark\cached\BenchmarkCachedRBACModel.class
org\casbin\jcasbin\main\benchmark\cached\jmh_generated\BenchmarkCachedRBACModelLarge_BenchmarkState_jmhType_B3.class
org\casbin\jcasbin\main\benchmark\cached\jmh_generated\BenchmarkCachedRBACModelWithDeny_jmhType_B3.class
org\casbin\jcasbin\main\benchmark\jmh_generated\BenchmarkEnforce_RequestIndex_jmhType_B2.class
org\casbin\jcasbin\main\RoleManagerUnitTest.class
org\casbin\jcasbin\main\benchmark\jmh_generated\BenchmarkEnforce_jmhType.class
org\casbin\jcasbin\main\benchmark\cached\jmh_generated\BenchmarkCachedABACModel_jmhType_B3.class
org\casbin\jcasbin\main\benchmark\enforcer\jmh_generated\BenchmarkAllModelApi_RemoveStateSmall_jmhType_B2.class
org\casbin\jcasbin\main\benchmark\enforcer\BenchmarkAllModelApi$RemoveStateSmall.class
org\casbin\jcasbin\main\benchmark\enforcer\jmh_generated\BenchmarkRBACModelMixed_BenchmarkState_jmhType.class
org\casbin\jcasbin\main\benchmark\cached\BenchmarkCachedKeyMatchModel.class
org\casbin\jcasbin\main\benchmark\cached\jmh_generated\BenchmarkCachedBasicModel_jmhType_B3.class
org\casbin\jcasbin\main\benchmark\enforcer\BenchmarkAllModelApi$RemoveStateMedium.class
org\casbin\jcasbin\main\benchmark\jmh_generated\BenchmarkEnforce_jmhType_B3.class
org\casbin\jcasbin\main\benchmark\memory\jmh_generated\BenchmarkMemory_benchmarkABACLargeMedium_jmhTest.class
org\casbin\jcasbin\main\benchmark\jmh_generated\BenchmarkManagement_removePolicy_jmhTest.class
org\casbin\jcasbin\main\benchmark\enforcer\BenchmarkRBACModelMixed$BenchmarkState.class
org\casbin\jcasbin\main\benchmark\memory\jmh_generated\BenchmarkMemory_benchmarkRESTful_jmhTest.class
org\casbin\jcasbin\main\SyncedRbacAPIWithDomainsUnitTest.class
org\casbin\jcasbin\main\benchmark\cached\jmh_generated\BenchmarkCachedRBACModelMedium_benchmarkCachedRBACModelMedium_jmhTest.class
org\casbin\jcasbin\main\benchmark\jmh_generated\BenchmarkManagement_ThreadState_jmhType.class
org\casbin\jcasbin\main\benchmark\cached\jmh_generated\BenchmarkCachedBasicModel_BenchmarkState_jmhType.class
org\casbin\jcasbin\main\benchmark\enforcer\BenchmarkRBACModel.class
org\casbin\jcasbin\main\benchmark\enforcer\jmh_generated\BenchmarkKeyMatchModel_jmhType_B1.class
org\casbin\jcasbin\main\benchmark\enforcer\jmh_generated\BenchmarkRBACModelWithDeny_BenchmarkState_jmhType_B2.class
org\casbin\jcasbin\main\benchmark\cached\jmh_generated\BenchmarkCachedRBACModel_jmhType_B1.class
org\casbin\jcasbin\main\benchmark\cached\jmh_generated\BenchmarkCachedKeyMatchModel_BenchmarkState_jmhType.class
org\casbin\jcasbin\main\benchmark\cached\jmh_generated\BenchmarkCachedRBACModelSmall_jmhType_B2.class
org\casbin\jcasbin\main\benchmark\jmh_generated\BenchmarkManagement_jmhType.class
org\casbin\jcasbin\main\benchmark\cached\BenchmarkCachedPriorityModel$BenchmarkState.class
org\casbin\jcasbin\main\benchmark\cached\jmh_generated\BenchmarkCachedBasicModel_BenchmarkState_jmhType_B3.class
org\casbin\jcasbin\main\benchmark\enforcer\jmh_generated\BenchmarkRBACModelWithDeny_jmhType_B3.class
org\casbin\jcasbin\main\SyncedManagementAPIUnitTest.class
org\casbin\jcasbin\main\benchmark\cached\jmh_generated\BenchmarkCachedRBACModelSmall_BenchmarkState_jmhType_B1.class
org\casbin\jcasbin\main\benchmark\enforcer\BenchmarkRBACModelWithDeny.class
org\casbin\jcasbin\main\InternalEnforcerWithDispatcherTest.class
org\casbin\jcasbin\main\benchmark\cached\jmh_generated\BenchmarkCachedKeyMatchModel_jmhType.class
org\casbin\jcasbin\main\benchmark\enforcer\jmh_generated\BenchmarkAllModelApi_RemoveStateSmall_jmhType_B1.class
org\casbin\jcasbin\main\benchmark\BenchmarkEnforce.class
org\casbin\jcasbin\main\benchmark\enforcer\jmh_generated\BenchmarkAllModelApi_addPolicySmall_jmhTest.class
org\casbin\jcasbin\main\InternalEnforcerWithDispatcherTest$CustomDispatcher.class
org\casbin\jcasbin\main\benchmark\cached\jmh_generated\BenchmarkCachedKeyMatchModel_jmhType_B3.class
org\casbin\jcasbin\main\benchmark\cached\jmh_generated\BenchmarkCachedRBACModelMedium_jmhType.class
org\casbin\jcasbin\main\benchmark\memory\jmh_generated\BenchmarkMemory_benchmarkDenyOverride_jmhTest.class
org\casbin\jcasbin\main\benchmark\enforcer\jmh_generated\BenchmarkDenyOverrideModel_jmhType_B2.class
org\casbin\jcasbin\main\benchmark\cached\jmh_generated\BenchmarkCachedRBACModel_benchmarkCachedRBACModel_jmhTest.class
org\casbin\jcasbin\main\benchmark\enforcer\jmh_generated\BenchmarkRBACModel_jmhType.class
org\casbin\jcasbin\main\benchmark\enforcer\jmh_generated\BenchmarkAllModelApi_jmhType_B3.class
org\casbin\jcasbin\main\benchmark\memory\jmh_generated\BenchmarkMemory_benchmarkRBACSmall_jmhTest.class
org\casbin\jcasbin\main\benchmark\enforcer\jmh_generated\BenchmarkAllModelApi_jmhType.class
org\casbin\jcasbin\main\ModelUnitTest$StructRequest.class
org\casbin\jcasbin\main\RbacAPIWithDomainsUnitTest.class
org\casbin\jcasbin\main\benchmark\jmh_generated\BenchmarkMemory_measureMemory_jmhTest.class
org\casbin\jcasbin\main\benchmark\enforcer\jmh_generated\BenchmarkRBACModelWithDeny_jmhType.class
org\casbin\jcasbin\main\benchmark\jmh_generated\BenchmarkManagement_ThreadState_jmhType_B3.class
org\casbin\jcasbin\main\benchmark\enforcer\jmh_generated\BenchmarkRBACModelMixed_jmhType.class
org\casbin\jcasbin\main\benchmark\memory\jmh_generated\BenchmarkMemory_benchmarkRBACMedium_jmhTest.class
org\casbin\jcasbin\main\benchmark\cached\BenchmarkCachedRBACModelWithResourceRoles.class
org\casbin\jcasbin\main\benchmark\enforcer\jmh_generated\BenchmarkAllModelApi_addPolicyMedium_jmhTest.class
org\casbin\jcasbin\main\benchmark\cached\jmh_generated\BenchmarkCachedPriorityModel_benchmarkCachedPriorityModel_jmhTest.class
org\casbin\jcasbin\main\benchmark\enforcer\jmh_generated\BenchmarkAllModelApi_UpdateStateLarge_jmhType.class
org\casbin\jcasbin\main\UtilTest.class
org\casbin\jcasbin\main\benchmark\jmh_generated\BenchmarkEnforce_jmhType_B1.class
org\casbin\jcasbin\main\benchmark\cached\jmh_generated\BenchmarkCachedRBACModelWithDomains_jmhType_B2.class
org\casbin\jcasbin\main\benchmark\cached\BenchmarkCachedKeyMatchModel$BenchmarkState.class
org\casbin\jcasbin\main\benchmark\cached\jmh_generated\BenchmarkCachedRBACModel_jmhType_B2.class
org\casbin\jcasbin\main\ConfigTest.class
org\casbin\jcasbin\main\benchmark\cached\jmh_generated\BenchmarkCachedRBACModelMedium_BenchmarkState_jmhType_B1.class
org\casbin\jcasbin\main\benchmark\cached\jmh_generated\BenchmarkCachedRBACModelSmall_BenchmarkState_jmhType_B2.class
org\casbin\jcasbin\main\benchmark\enforcer\jmh_generated\BenchmarkAllModelApi_RemoveStateMedium_jmhType_B2.class
org\casbin\jcasbin\main\benchmark\cached\jmh_generated\BenchmarkCachedRBACModelMedium_jmhType_B2.class
org\casbin\jcasbin\main\benchmark\enforcer\jmh_generated\BenchmarkRBACModel_BenchmarkState_jmhType.class
org\casbin\jcasbin\main\ModelUnitTest$TestSubject.class
org\casbin\jcasbin\main\benchmark\cached\jmh_generated\BenchmarkCachedRBACModelWithDomains_BenchmarkState_jmhType.class
org\casbin\jcasbin\main\benchmark\enforcer\jmh_generated\BenchmarkAllModelApi_updatePolicyLarge_jmhTest.class
org\casbin\jcasbin\main\benchmark\enforcer\jmh_generated\BenchmarkDenyOverrideModel_jmhType_B3.class
org\casbin\jcasbin\main\benchmark\cached\jmh_generated\BenchmarkCachedRBACModelWithResourceRoles_BenchmarkState_jmhType_B3.class
org\casbin\jcasbin\main\benchmark\cached\jmh_generated\BenchmarkCachedRBACModelWithDomains_jmhType_B1.class
org\casbin\jcasbin\main\benchmark\jmh_generated\BenchmarkManagement_hasPolicy_jmhTest.class
org\casbin\jcasbin\main\benchmark\jmh_generated\BenchmarkManagement_ThreadState_jmhType_B2.class
org\casbin\jcasbin\main\benchmark\cached\jmh_generated\BenchmarkCachedBasicModel_BenchmarkState_jmhType_B1.class
org\casbin\jcasbin\main\benchmark\cached\jmh_generated\BenchmarkCachedRBACModelMedium_jmhType_B3.class
org\casbin\jcasbin\main\benchmark\enforcer\BenchmarkAllModelApi.class
org\casbin\jcasbin\main\benchmark\cached\jmh_generated\BenchmarkCachedRBACModel_jmhType_B3.class
org\casbin\jcasbin\main\benchmark\cached\jmh_generated\BenchmarkCachedRBACModelSmall_BenchmarkState_jmhType_B3.class
org\casbin\jcasbin\main\benchmark\enforcer\jmh_generated\BenchmarkAllModelApi_RemoveStateMedium_jmhType_B1.class
org\casbin\jcasbin\main\benchmark\memory\jmh_generated\BenchmarkMemory_benchmarkPriority_jmhTest.class
org\casbin\jcasbin\main\BuiltInFunctionsUnitTest.class
org\casbin\jcasbin\main\benchmark\BenchmarkEnforce$RequestIndex.class
org\casbin\jcasbin\main\benchmark\cached\jmh_generated\BenchmarkCachedRBACModelWithDomains_BenchmarkState_jmhType_B3.class
org\casbin\jcasbin\main\benchmark\cached\BenchmarkCachedABACModel.class
org\casbin\jcasbin\main\benchmark\enforcer\jmh_generated\BenchmarkAllModelApi_removePolicyMedium_jmhTest.class
org\casbin\jcasbin\main\benchmark\memory\jmh_generated\BenchmarkMemory_jmhType_B1.class
org\casbin\jcasbin\main\benchmark\BenchmarkManagement$ThreadState.class
org\casbin\jcasbin\main\benchmark\cached\jmh_generated\BenchmarkCachedABACModel_BenchmarkState_jmhType_B1.class
org\casbin\jcasbin\main\benchmark\enforcer\BenchmarkRBACModel$BenchmarkState.class
org\casbin\jcasbin\main\benchmark\BenchmarkRunner.class
org\casbin\jcasbin\main\benchmark\cached\BenchmarkCachedRaw.class
org\casbin\jcasbin\main\benchmark\enforcer\jmh_generated\BenchmarkAllModelApi_removePolicySmall_jmhTest.class
org\casbin\jcasbin\main\benchmark\cached\BenchmarkCachedABACModel$TestResource.class
org\casbin\jcasbin\main\benchmark\enforcer\jmh_generated\BenchmarkAllModelApi_UpdateStateSmall_jmhType_B1.class
org\casbin\jcasbin\main\SyncedEnforcerUnitTest.class
org\casbin\jcasbin\main\benchmark\cached\jmh_generated\BenchmarkCachedRBACModelLarge_jmhType_B1.class
org\casbin\jcasbin\main\benchmark\enforcer\BenchmarkDenyOverrideModel.class
org\casbin\jcasbin\main\benchmark\enforcer\jmh_generated\BenchmarkAllModelApi_UpdateStateLarge_jmhType_B2.class
org\casbin\jcasbin\main\benchmark\memory\jmh_generated\BenchmarkMemory_benchmarkABAC_jmhTest.class
org\casbin\jcasbin\main\benchmark\jmh_generated\BenchmarkMemory_jmhType.class
org\casbin\jcasbin\main\benchmark\cached\jmh_generated\BenchmarkCachedBasicModel_BenchmarkState_jmhType_B2.class
org\casbin\jcasbin\main\benchmark\enforcer\BenchmarkAllModelApi$UpdateStateMedium.class
org\casbin\jcasbin\main\benchmark\cached\jmh_generated\BenchmarkCachedABACModel_jmhType_B1.class
org\casbin\jcasbin\main\benchmark\jmh_generated\BenchmarkManagement_addPolicy_jmhTest.class
org\casbin\jcasbin\main\benchmark\enforcer\jmh_generated\BenchmarkAllModelApi_RemoveStateMedium_jmhType_B3.class
org\casbin\jcasbin\main\benchmark\enforcer\jmh_generated\BenchmarkKeyMatchModel_benchmarkKeyMatchModel_jmhTest.class
org\casbin\jcasbin\main\ModelTest$MockConfig.class
org\casbin\jcasbin\main\benchmark\cached\BenchmarkCachedBasicModel.class
org\casbin\jcasbin\main\benchmark\cached\BenchmarkCachedPriorityModel.class
org\casbin\jcasbin\main\benchmark\enforcer\BenchmarkAllModelApi$UpdateStateSmall.class
org\casbin\jcasbin\main\DefaultDetectorTest.class
org\casbin\jcasbin\main\benchmark\cached\jmh_generated\BenchmarkCachedRBACModelSmall_BenchmarkState_jmhType.class
org\casbin\jcasbin\main\benchmark\cached\jmh_generated\BenchmarkCachedRBACModelSmall_jmhType_B1.class
org\casbin\jcasbin\main\benchmark\memory\BenchmarkMemory$ScenarioGcStats.class
org\casbin\jcasbin\main\benchmark\cached\jmh_generated\BenchmarkCachedBasicModel_benchmarkCachedBasicModel_jmhTest.class
org\casbin\jcasbin\main\benchmark\enforcer\jmh_generated\BenchmarkAllModelApi_AddState_jmhType_B1.class
org\casbin\jcasbin\main\benchmark\memory\jmh_generated\BenchmarkMemory_benchmarkABACLargeSimple_jmhTest.class
org\casbin\jcasbin\main\FrontendUnitTest.class
org\casbin\jcasbin\main\FunctionTest$CustomFunc.class
org\casbin\jcasbin\main\benchmark\cached\BenchmarkCachedABACModel$BenchmarkState.class
org\casbin\jcasbin\main\benchmark\enforcer\jmh_generated\BenchmarkAllModelApi_UpdateStateSmall_jmhType_B2.class
org\casbin\jcasbin\main\benchmark\cached\jmh_generated\BenchmarkCachedRBACModelLarge_jmhType_B2.class
org\casbin\jcasbin\main\benchmark\enforcer\jmh_generated\BenchmarkDenyOverrideModel_benchmarkDenyOverrideModel_jmhTest.class
org\casbin\jcasbin\main\ManagementAPIUnitTest.class
org\casbin\jcasbin\main\benchmark\cached\jmh_generated\BenchmarkCachedABACModel_jmhType_B2.class
org\casbin\jcasbin\main\benchmark\cached\jmh_generated\BenchmarkCachedRaw_jmhType_B1.class
org\casbin\jcasbin\main\ModelUnitTest$TestResource.class
org\casbin\jcasbin\main\benchmark\cached\jmh_generated\BenchmarkCachedPriorityModel_jmhType.class
org\casbin\jcasbin\main\DefaultDetectorTest$1.class
org\casbin\jcasbin\main\benchmark\cached\jmh_generated\BenchmarkCachedPriorityModel_BenchmarkState_jmhType.class
org\casbin\jcasbin\main\benchmark\jmh_generated\BenchmarkEnforce_RequestIndex_jmhType_B3.class
org\casbin\jcasbin\main\benchmark\cached\jmh_generated\BenchmarkCachedRBACModelWithResourceRoles_jmhType.class
org\casbin\jcasbin\main\benchmark\memory\jmh_generated\BenchmarkMemory_benchmarkRBACLarge_jmhTest.class
org\casbin\jcasbin\main\benchmark\memory\jmh_generated\BenchmarkMemory_jmhType.class
org\casbin\jcasbin\main\benchmark\enforcer\jmh_generated\BenchmarkAllModelApi_hasPolicyLarge_jmhTest.class
org\casbin\jcasbin\main\benchmark\cached\jmh_generated\BenchmarkCachedRBACModelWithDomains_BenchmarkState_jmhType_B2.class
org\casbin\jcasbin\main\RbacAPIUnitTest.class
org\casbin\jcasbin\main\benchmark\cached\jmh_generated\BenchmarkCachedRaw_jmhType_B2.class
org\casbin\jcasbin\main\benchmark\cached\jmh_generated\BenchmarkCachedRBACModelWithDeny_benchmarkCachedRBACModelWithDeny_jmhTest.class
org\casbin\jcasbin\main\benchmark\enforcer\jmh_generated\BenchmarkAllModelApi_RemoveStateSmall_jmhType.class
org\casbin\jcasbin\main\benchmark\enforcer\BenchmarkRBACModelWithDeny$BenchmarkState.class
org\casbin\jcasbin\main\benchmark\enforcer\jmh_generated\BenchmarkAllModelApi_hasPolicySmall_jmhTest.class
org\casbin\jcasbin\main\benchmark\memory\BenchmarkMemory.class
META-INF\BenchmarkList
org\casbin\jcasbin\main\benchmark\memory\jmh_generated\BenchmarkMemory_benchmarkACL_jmhTest.class
org\casbin\jcasbin\main\benchmark\enforcer\jmh_generated\BenchmarkRBACModelWithDeny_BenchmarkState_jmhType_B3.class
org\casbin\jcasbin\main\FunctionTest.class
org\casbin\jcasbin\main\benchmark\enforcer\jmh_generated\BenchmarkAllModelApi_UpdateStateLarge_jmhType_B3.class
org\casbin\jcasbin\main\benchmark\enforcer\jmh_generated\BenchmarkDenyOverrideModel_BenchmarkState_jmhType.class
org\casbin\jcasbin\main\benchmark\enforcer\jmh_generated\BenchmarkRBACModel_jmhType_B2.class
org\casbin\jcasbin\main\benchmark\jmh_generated\BenchmarkManagement_updatePolicy_jmhTest.class
org\casbin\jcasbin\main\benchmark\enforcer\jmh_generated\BenchmarkRBACModel_benchmarkRBACModel_jmhTest.class
org\casbin\jcasbin\main\benchmark\cached\jmh_generated\BenchmarkCachedRBACModel_BenchmarkState_jmhType_B1.class
org\casbin\jcasbin\main\benchmark\memory\jmh_generated\BenchmarkMemory_benchmarkRBAC_jmhTest.class
org\casbin\jcasbin\main\benchmark\BenchmarkManagement.class
org\casbin\jcasbin\main\EnforcerUnitTest$TestSub.class
org\casbin\jcasbin\main\benchmark\enforcer\BenchmarkKeyMatchModel$BenchmarkState.class
org\casbin\jcasbin\main\benchmark\enforcer\jmh_generated\BenchmarkAllModelApi_UpdateStateSmall_jmhType.class
org\casbin\jcasbin\main\benchmark\enforcer\jmh_generated\BenchmarkKeyMatchModel_BenchmarkState_jmhType_B1.class
org\casbin\jcasbin\main\benchmark\enforcer\jmh_generated\BenchmarkAllModelApi_UpdateStateLarge_jmhType_B1.class
org\casbin\jcasbin\main\TestUtil.class
org\casbin\jcasbin\main\benchmark\cached\BenchmarkCachedRBACModelWithResourceRoles$BenchmarkState.class
org\casbin\jcasbin\main\AbacAPIUnitTest.class
org\casbin\jcasbin\main\benchmark\enforcer\jmh_generated\BenchmarkAllModelApi_UpdateStateMedium_jmhType.class
org\casbin\jcasbin\main\benchmark\enforcer\BenchmarkAllModelApi$AddState.class
org\casbin\jcasbin\main\benchmark\enforcer\jmh_generated\BenchmarkAllModelApi_UpdateStateSmall_jmhType_B3.class
org\casbin\jcasbin\main\benchmark\enforcer\jmh_generated\BenchmarkAllModelApi_updatePolicyMedium_jmhTest.class
org\casbin\jcasbin\main\benchmark\cached\jmh_generated\BenchmarkCachedRBACModelWithResourceRoles_jmhType_B1.class
org\casbin\jcasbin\main\benchmark\cached\jmh_generated\BenchmarkCachedRBACModelLarge_BenchmarkState_jmhType_B2.class
org\casbin\jcasbin\main\benchmark\cached\jmh_generated\BenchmarkCachedRBACModelWithDeny_jmhType_B2.class
org\casbin\jcasbin\main\benchmark\enforcer\jmh_generated\BenchmarkAllModelApi_UpdateStateMedium_jmhType_B1.class
org\casbin\jcasbin\main\benchmark\enforcer\jmh_generated\BenchmarkRBACModelWithDeny_BenchmarkState_jmhType.class
org\casbin\jcasbin\main\benchmark\memory\BenchmarkMemory$TestEvalRule.class
org\casbin\jcasbin\main\benchmark\cached\jmh_generated\BenchmarkCachedBasicModel_jmhType.class
org\casbin\jcasbin\main\benchmark\enforcer\jmh_generated\BenchmarkAllModelApi_RemoveStateMedium_jmhType.class
org\casbin\jcasbin\main\benchmark\cached\jmh_generated\BenchmarkCachedKeyMatchModel_BenchmarkState_jmhType_B1.class
org\casbin\jcasbin\main\EnforcerUnitTest$TestObj.class
org\casbin\jcasbin\main\GroupRoleManagerTest.class
org\casbin\jcasbin\main\benchmark\cached\jmh_generated\BenchmarkCachedRBACModelLarge_benchmarkCachedRBACModelLarge_jmhTest.class
org\casbin\jcasbin\main\benchmark\cached\jmh_generated\BenchmarkCachedRBACModelSmall_jmhType.class
org\casbin\jcasbin\main\benchmark\enforcer\jmh_generated\BenchmarkAllModelApi_AddState_jmhType_B2.class
org\casbin\jcasbin\main\benchmark\enforcer\jmh_generated\BenchmarkRBACModelMixed_jmhType_B2.class
org\casbin\jcasbin\main\benchmark\jmh_generated\BenchmarkMemory_jmhType_B3.class
org\casbin\jcasbin\main\benchmark\enforcer\jmh_generated\BenchmarkAllModelApi_RemoveStateLarge_jmhType_B1.class
org\casbin\jcasbin\main\benchmark\enforcer\BenchmarkKeyMatchModel.class
org\casbin\jcasbin\main\benchmark\cached\BenchmarkCachedRBACModel$BenchmarkState.class
org\casbin\jcasbin\main\benchmark\cached\jmh_generated\BenchmarkCachedRaw_jmhType_B3.class
org\casbin\jcasbin\main\benchmark\cached\jmh_generated\BenchmarkCachedPriorityModel_BenchmarkState_jmhType_B3.class
org\casbin\jcasbin\main\benchmark\cached\jmh_generated\BenchmarkCachedRBACModelWithDeny_BenchmarkState_jmhType_B2.class
org\casbin\jcasbin\main\benchmark\enforcer\jmh_generated\BenchmarkDenyOverrideModel_BenchmarkState_jmhType_B2.class
org\casbin\jcasbin\main\benchmark\jmh_generated\BenchmarkManagement_jmhType_B3.class
org\casbin\jcasbin\main\benchmark\cached\jmh_generated\BenchmarkCachedRBACModelWithDeny_jmhType_B1.class
org\casbin\jcasbin\main\benchmark\enforcer\BenchmarkAllModelApi$UpdateStateLarge.class
org\casbin\jcasbin\main\benchmark\cached\jmh_generated\BenchmarkCachedKeyMatchModel_BenchmarkState_jmhType_B2.class
org\casbin\jcasbin\main\benchmark\cached\jmh_generated\BenchmarkCachedRBACModel_BenchmarkState_jmhType_B3.class
org\casbin\jcasbin\main\benchmark\cached\jmh_generated\BenchmarkCachedPriorityModel_BenchmarkState_jmhType_B1.class
org\casbin\jcasbin\main\benchmark\cached\jmh_generated\BenchmarkCachedRBACModelWithResourceRoles_benchmarkCachedRBACModelWithResourceRoles_jmhTest.class
org\casbin\jcasbin\main\benchmark\enforcer\jmh_generated\BenchmarkAllModelApi_UpdateStateMedium_jmhType_B2.class
org\casbin\jcasbin\main\benchmark\enforcer\jmh_generated\BenchmarkRBACModelWithDeny_benchmarkRBACModelWithDeny_jmhTest.class
org\casbin\jcasbin\main\benchmark\enforcer\jmh_generated\BenchmarkRBACModelMixed_jmhType_B3.class
org\casbin\jcasbin\main\benchmark\cached\jmh_generated\BenchmarkCachedRBACModelLarge_BenchmarkState_jmhType_B1.class
org\casbin\jcasbin\main\benchmark\cached\jmh_generated\BenchmarkCachedPriorityModel_jmhType_B1.class
org\casbin\jcasbin\main\benchmark\enforcer\jmh_generated\BenchmarkRBACModelMixed_BenchmarkState_jmhType_B3.class
org\casbin\jcasbin\main\EnforcerUnitTest$TestAdmins.class
org\casbin\jcasbin\main\benchmark\cached\jmh_generated\BenchmarkCachedABACModel_BenchmarkState_jmhType_B3.class
org\casbin\jcasbin\main\benchmark\memory\jmh_generated\BenchmarkMemory_jmhType_B2.class
org\casbin\jcasbin\main\benchmark\jmh_generated\BenchmarkEnforce_enforce_jmhTest.class
org\casbin\jcasbin\main\benchmark\cached\jmh_generated\BenchmarkCachedRBACModelWithDeny_BenchmarkState_jmhType_B1.class
META-INF\CompilerHints
org\casbin\jcasbin\main\benchmark\cached\jmh_generated\BenchmarkCachedRBACModelWithDeny_jmhType.class
org\casbin\jcasbin\main\benchmark\enforcer\jmh_generated\BenchmarkKeyMatchModel_BenchmarkState_jmhType_B3.class
org\casbin\jcasbin\main\benchmark\enforcer\jmh_generated\BenchmarkRBACModel_jmhType_B3.class
org\casbin\jcasbin\main\benchmark\enforcer\jmh_generated\BenchmarkDenyOverrideModel_BenchmarkState_jmhType_B1.class
org\casbin\jcasbin\main\FilteredAdapterTest.class
org\casbin\jcasbin\main\benchmark\cached\jmh_generated\BenchmarkCachedKeyMatchModel_BenchmarkState_jmhType_B3.class
org\casbin\jcasbin\main\benchmark\cached\jmh_generated\BenchmarkCachedPriorityModel_BenchmarkState_jmhType_B2.class
org\casbin\jcasbin\main\SyncedRbacAPIUnitTest.class
org\casbin\jcasbin\main\benchmark\memory\jmh_generated\BenchmarkMemory_jmhType_B3.class
org\casbin\jcasbin\main\benchmark\enforcer\jmh_generated\BenchmarkAllModelApi_UpdateStateMedium_jmhType_B3.class
org\casbin\jcasbin\main\benchmark\enforcer\jmh_generated\BenchmarkKeyMatchModel_BenchmarkState_jmhType_B2.class
org\casbin\jcasbin\main\ModelUnitTest$CustomRoleManager.class
org\casbin\jcasbin\main\benchmark\enforcer\jmh_generated\BenchmarkKeyMatchModel_BenchmarkState_jmhType.class
org\casbin\jcasbin\main\benchmark\enforcer\jmh_generated\BenchmarkRBACModelMixed_BenchmarkState_jmhType_B2.class
org\casbin\jcasbin\main\benchmark\enforcer\jmh_generated\BenchmarkAllModelApi_AddState_jmhType.class
org\casbin\jcasbin\main\ModelTest.class
org\casbin\jcasbin\main\benchmark\enforcer\jmh_generated\BenchmarkRBACModel_BenchmarkState_jmhType_B3.class
org\casbin\jcasbin\main\benchmark\cached\jmh_generated\BenchmarkCachedPriorityModel_jmhType_B2.class
org\casbin\jcasbin\main\benchmark\cached\BenchmarkCachedBasicModel$BenchmarkState.class
org\casbin\jcasbin\main\benchmark\cached\jmh_generated\BenchmarkCachedABACModel_BenchmarkState_jmhType_B2.class
org\casbin\jcasbin\main\benchmark\enforcer\jmh_generated\BenchmarkAllModelApi_hasPolicyMedium_jmhTest.class
org\casbin\jcasbin\main\benchmark\cached\jmh_generated\BenchmarkCachedRaw_benchmarkCachedRaw_jmhTest.class
org\casbin\jcasbin\main\benchmark\cached\jmh_generated\BenchmarkCachedRBACModelWithDomains_jmhType.class
org\casbin\jcasbin\main\benchmark\cached\BenchmarkCachedRBACModelSmall.class
org\casbin\jcasbin\main\benchmark\cached\BenchmarkCachedRBACModelWithDomains$BenchmarkState.class
org\casbin\jcasbin\main\WatcherTest.class
