F:\Casbin_game\jcasbin\src\test\java\org\casbin\jcasbin\main\CachedEnforcerUnitTest.java
F:\Casbin_game\jcasbin\src\test\java\org\casbin\jcasbin\main\FilteredAdapterTest.java
F:\Casbin_game\jcasbin\src\test\java\org\casbin\jcasbin\main\ModelTest.java
F:\Casbin_game\jcasbin\src\test\java\org\casbin\jcasbin\main\LogUtilTest.java
F:\Casbin_game\jcasbin\src\test\java\org\casbin\jcasbin\main\benchmark\BenchmarkEnforce.java
F:\Casbin_game\jcasbin\src\test\java\org\casbin\jcasbin\main\benchmark\BenchmarkMemory.java
F:\Casbin_game\jcasbin\src\test\java\org\casbin\jcasbin\main\benchmark\enforcer\BenchmarkKeyMatchModel.java
F:\Casbin_game\jcasbin\src\test\java\org\casbin\jcasbin\main\UtilTest.java
F:\Casbin_game\jcasbin\src\test\java\org\casbin\jcasbin\main\benchmark\BenchmarkRunner.java
F:\Casbin_game\jcasbin\src\test\java\org\casbin\jcasbin\main\DefaultDetectorTest.java
F:\Casbin_game\jcasbin\src\test\java\org\casbin\jcasbin\main\benchmark\enforcer\BenchmarkRBACModelWithDeny.java
F:\Casbin_game\jcasbin\src\test\java\org\casbin\jcasbin\main\benchmark\cached\BenchmarkCachedRBACModelSmall.java
F:\Casbin_game\jcasbin\src\test\java\org\casbin\jcasbin\main\benchmark\enforcer\BenchmarkRBACModelMixed.java
F:\Casbin_game\jcasbin\src\test\java\org\casbin\jcasbin\main\ModelUnitTest.java
F:\Casbin_game\jcasbin\src\test\java\org\casbin\jcasbin\main\TestUtil.java
F:\Casbin_game\jcasbin\src\test\java\org\casbin\jcasbin\main\benchmark\cached\BenchmarkCachedPriorityModel.java
F:\Casbin_game\jcasbin\src\test\java\org\casbin\jcasbin\main\RbacAPIWithPatternMatchUnitTest.java
F:\Casbin_game\jcasbin\src\test\java\org\casbin\jcasbin\main\SyncedRbacAPIUnitTest.java
F:\Casbin_game\jcasbin\src\test\java\org\casbin\jcasbin\main\EnforcerUnitTest.java
F:\Casbin_game\jcasbin\src\test\java\org\casbin\jcasbin\main\SyncedRbacAPIWithDomainsUnitTest.java
F:\Casbin_game\jcasbin\src\test\java\org\casbin\jcasbin\main\benchmark\cached\BenchmarkCachedRBACModelMedium.java
F:\Casbin_game\jcasbin\src\test\java\org\casbin\jcasbin\main\ConfigTest.java
F:\Casbin_game\jcasbin\src\test\java\org\casbin\jcasbin\main\benchmark\cached\BenchmarkCachedABACModel.java
F:\Casbin_game\jcasbin\src\test\java\org\casbin\jcasbin\main\benchmark\cached\BenchmarkCachedKeyMatchModel.java
F:\Casbin_game\jcasbin\src\test\java\org\casbin\jcasbin\main\benchmark\cached\BenchmarkCachedRBACModelWithDeny.java
F:\Casbin_game\jcasbin\src\test\java\org\casbin\jcasbin\main\benchmark\cached\BenchmarkCachedRBACModelWithDomains.java
F:\Casbin_game\jcasbin\src\test\java\org\casbin\jcasbin\main\benchmark\enforcer\BenchmarkAllModelApi.java
F:\Casbin_game\jcasbin\src\test\java\org\casbin\jcasbin\main\FrontendUnitTest.java
F:\Casbin_game\jcasbin\src\test\java\org\casbin\jcasbin\main\RbacAPIWithDomainsUnitTest.java
F:\Casbin_game\jcasbin\src\test\java\org\casbin\jcasbin\main\SyncedCachedEnforcerUnitTest.java
F:\Casbin_game\jcasbin\src\test\java\org\casbin\jcasbin\main\benchmark\BenchmarkManagement.java
F:\Casbin_game\jcasbin\src\test\java\org\casbin\jcasbin\main\benchmark\cached\BenchmarkCachedRaw.java
F:\Casbin_game\jcasbin\src\test\java\org\casbin\jcasbin\main\benchmark\cached\BenchmarkCachedBasicModel.java
F:\Casbin_game\jcasbin\src\test\java\org\casbin\jcasbin\main\benchmark\memory\BenchmarkMemory.java
F:\Casbin_game\jcasbin\src\test\java\org\casbin\jcasbin\main\InternalEnforcerWithDispatcherTest.java
F:\Casbin_game\jcasbin\src\test\java\org\casbin\jcasbin\main\ManagementAPIUnitTest.java
F:\Casbin_game\jcasbin\src\test\java\org\casbin\jcasbin\main\benchmark\enforcer\BenchmarkRBACModel.java
F:\Casbin_game\jcasbin\src\test\java\org\casbin\jcasbin\main\WatcherTest.java
F:\Casbin_game\jcasbin\src\test\java\org\casbin\jcasbin\main\FunctionTest.java
F:\Casbin_game\jcasbin\src\test\java\org\casbin\jcasbin\main\benchmark\enforcer\BenchmarkDenyOverrideModel.java
F:\Casbin_game\jcasbin\src\test\java\org\casbin\jcasbin\main\SyncedDistributedAPIUnitTest.java
F:\Casbin_game\jcasbin\src\test\java\org\casbin\jcasbin\main\AbacAPIUnitTest.java
F:\Casbin_game\jcasbin\src\test\java\org\casbin\jcasbin\main\benchmark\cached\BenchmarkCachedRBACModelLarge.java
F:\Casbin_game\jcasbin\src\test\java\org\casbin\jcasbin\main\SyncedManagementAPIUnitTest.java
F:\Casbin_game\jcasbin\src\test\java\org\casbin\jcasbin\main\benchmark\cached\BenchmarkCachedRBACModel.java
F:\Casbin_game\jcasbin\src\test\java\org\casbin\jcasbin\main\BuiltInFunctionsUnitTest.java
F:\Casbin_game\jcasbin\src\test\java\org\casbin\jcasbin\main\GroupRoleManagerTest.java
F:\Casbin_game\jcasbin\src\test\java\org\casbin\jcasbin\main\SyncedEnforcerUnitTest.java
F:\Casbin_game\jcasbin\src\test\java\org\casbin\jcasbin\main\RoleManagerUnitTest.java
F:\Casbin_game\jcasbin\src\test\java\org\casbin\jcasbin\main\benchmark\cached\BenchmarkCachedRBACModelWithResourceRoles.java
F:\Casbin_game\jcasbin\src\test\java\org\casbin\jcasbin\main\RbacAPIUnitTest.java
